// Jest Snapshot v1, https://goo.gl/fbAQLP

exports[`should render the selector component 1`] = `
<div>
  <div
    class="Selector-Container"
  >
    <h4>
      yr cutie
    </h4>
    <article
      class="Options-Container"
    >
      <label
        class="Option"
      >
        face-space
        <select>
          <option>
            bat
          </option>
          <option>
            bearded dragon
          </option>
          <option>
            frog
          </option>
          <option>
            parrot
          </option>
          <option>
            pigeon
          </option>
          <option>
            snake
          </option>
          <option>
            walrus
          </option>
        </select>
      </label>
      <label
        class="Option"
      >
        tops
        <select>
          <option>
            dress
          </option>
          <option>
            jacket
          </option>
          <option>
            poncho
          </option>
          <option>
            shirt
          </option>
          <option>
            sweater
          </option>
        </select>
      </label>
      <label
        class="Option"
      >
        bottoms
        <select>
          <option>
            jeans
          </option>
          <option>
            pijamas
          </option>
          <option>
            shorts
          </option>
        </select>
      </label>
      <label
        class="Option"
      >
        shoes
        <select>
          <option>
            boot
          </option>
          <option>
            converse
          </option>
          <option>
            sandals
          </option>
          <option>
            tennies
          </option>
        </select>
      </label>
      <label
        class="Option"
      >
        whats on yr brain-space?
        <input
          type="text"
          value=""
        />
      </label>
      <button
        type="button"
      >
        put it in the bucket
      </button>
    </article>
  </div>
</div>
`;
